// Jest Snapshot v1, https://goo.gl/fbAQLP

exports[`<NomeTeste /> should render the heading 1`] = `
<main
  class=""
>
  <h1>
    NomeTeste
  </h1>
</main>
`
